// Jest Snapshot v1, https://goo.gl/fbAQLP

exports[`renders correctly 1`] = `
Array [
  <div
    className="MuiDivider-root MuiDivider-fullWidth MuiDivider-withChildren css-n4pdsy-MuiDivider-root"
    role="separator"
  >
    <span
      className="MuiDivider-wrapper css-qywfm8-MuiDivider-wrapper"
    >
      <p
        className="MuiTypography-root MuiTypography-body2 css-r40f8v-MuiTypography-root"
      >
        Title
      </p>
    </span>
  </div>,
  <p
    className="MuiTypography-root MuiTypography-body2 css-1ypfif-MuiTypography-root"
  >
    Value
  </p>,
]
`;
