// Jest Snapshot v1, https://goo.gl/fbAQLP

exports[`renders correctly 1`] = `
<div
  className="MuiPaper-root MuiPaper-outlined MuiPaper-rounded MuiCard-root css-1v5z4dq-MuiPaper-root-MuiCard-root"
>
  <div
    className="MuiCardContent-root css-46bh2p-MuiCardContent-root"
  >
    <div
      className="MuiDivider-root MuiDivider-fullWidth MuiDivider-withChildren css-n4pdsy-MuiDivider-root"
      role="separator"
    >
      <span
        className="MuiDivider-wrapper css-qywfm8-MuiDivider-wrapper"
      >
        <p
          className="MuiTypography-root MuiTypography-body2 css-r40f8v-MuiTypography-root"
        >
          Address
        </p>
      </span>
    </div>
    <p
      className="MuiTypography-root MuiTypography-body2 css-1ypfif-MuiTypography-root"
    >
      63fea823365f1c81fad234abdf5a1f43
    </p>
    <div
      className="MuiDivider-root MuiDivider-fullWidth MuiDivider-withChildren css-n4pdsy-MuiDivider-root"
      role="separator"
    >
      <span
        className="MuiDivider-wrapper css-qywfm8-MuiDivider-wrapper"
      >
        <p
          className="MuiTypography-root MuiTypography-body2 css-r40f8v-MuiTypography-root"
        >
          Latest Escrow
        </p>
      </span>
    </div>
    <p
      className="MuiTypography-root MuiTypography-body2 css-1ypfif-MuiTypography-root"
    >
      eaac4d45c3c41f449cf7c94622afacbc
    </p>
    <div
      className="MuiDivider-root MuiDivider-fullWidth MuiDivider-withChildren css-n4pdsy-MuiDivider-root"
      role="separator"
    >
      <span
        className="MuiDivider-wrapper css-qywfm8-MuiDivider-wrapper"
      >
        <p
          className="MuiTypography-root MuiTypography-body2 css-r40f8v-MuiTypography-root"
        >
          Amount of jobs
        </p>
      </span>
    </div>
    <p
      className="MuiTypography-root MuiTypography-body2 css-1ypfif-MuiTypography-root"
    >
      10
    </p>
    <div
      className="MuiBox-root css-xi606m"
    >
      <div
        className="MuiDivider-root MuiDivider-fullWidth MuiDivider-withChildren css-n4pdsy-MuiDivider-root"
        role="separator"
      >
        <span
          className="MuiDivider-wrapper css-qywfm8-MuiDivider-wrapper"
        >
          <p
            className="MuiTypography-root MuiTypography-body2 css-r40f8v-MuiTypography-root"
          >
            All deployed escrows
          </p>
        </span>
      </div>
      <a
        className="MuiTypography-root MuiTypography-inherit MuiTypography-alignCenter MuiLink-root MuiLink-underlineAlways css-8wztv5-MuiTypography-root-MuiLink-root"
        href="test.url"
        onBlur={[Function]}
        onFocus={[Function]}
        rel="noreferrer"
        target="_blank"
      >
        test-scanner
      </a>
      <p
        className="MuiTypography-root MuiTypography-body2 css-1ncpc4g-MuiTypography-root"
      >
        Each event has a payload of ERC20 token address and Escrow Address
      </p>
      <p
        className="MuiTypography-root MuiTypography-body2 css-1ncpc4g-MuiTypography-root"
      >
        Change the type of the second argument to "Address" to see an Escrow address
      </p>
    </div>
  </div>
</div>
`;
