// Jest Snapshot v1, https://goo.gl/fbAQLP

exports[`renders correctly 1`] = `
<div
  className="MuiBox-root css-0"
>
  <div
    className="MuiBox-root css-i9gxme"
  >
    <header
      className="MuiPaper-root MuiPaper-elevation MuiPaper-elevation4 MuiAppBar-root MuiAppBar-colorPrimary MuiAppBar-positionFixed mui-fixed css-11b3ww9-MuiPaper-root-MuiAppBar-root"
    >
      <div
        className="MuiToolbar-root MuiToolbar-gutters MuiToolbar-regular css-hyum1k-MuiToolbar-root"
      >
        <div
          className="MuiBox-root css-1o0y1dn"
        >
          <div
            className="MuiTypography-root MuiTypography-h6 css-vr6w4y-MuiTypography-root"
          >
            HUMAN Escrow Factory Dashboard
          </div>
        </div>
      </div>
    </header>
  </div>
  <div
    role="root"
  >
    <div
      data-testid="parent"
    >
      <div
        data-testid="child"
      >
        content
      </div>
    </div>
  </div>
</div>
`;
